pipeline/mast3r_pose/cp6_scale.py:86: RuntimeWarning: divide by zero encountered in matmul
  res = A @ xs - y; sc = 1.4826 * np.median(np.abs(res)) + 1e-9
pipeline/mast3r_pose/cp6_scale.py:86: RuntimeWarning: overflow encountered in matmul
  res = A @ xs - y; sc = 1.4826 * np.median(np.abs(res)) + 1e-9
pipeline/mast3r_pose/cp6_scale.py:86: RuntimeWarning: invalid value encountered in matmul
  res = A @ xs - y; sc = 1.4826 * np.median(np.abs(res)) + 1e-9
IMU-VI hyperparameter search on FIT (median |log s/s_gt|):
   W  9 bias off  0.154
   W  9 bias on   0.145
   W 15 bias off  0.038   <- chosen
   W 15 bias on   0.048
   W 21 bias off  0.100
   W 21 bias on   0.098
   W 31 bias off  0.168
   W 31 bias on   0.157
   W 45 bias off  0.254
   W 45 bias on   0.203

constants (FIT): global 0.630  left 0.693  right 0.575   IMU-VI W 15 bias False
IMU-VI |g| estimate: median 9.87 (p10 9.76, p90 9.90) m/s2  -- 9.81 expected

=== EVAL (valC, held out) ===
  method    side   n  scale_err p50/p90 | k1 mm p50/p90 (rel p90) | k4 mm p50/p90 (rel p90) | k8 mm p50/p90 (rel p90) | k16 mm p50/p90 (rel p90) | k32 mm p50/p90 (rel p90)
  global    left   5   15.3%/ 18.7%  |   0.3/  2.8 (24.9%) |   1.0/ 10.7 (25.3%) |   2.2/ 21.1 (26.4%) |   4.1/ 38.5 (26.2%) |  10.7/ 54.7 (25.6%)
  global    right  5   23.3%/ 25.2%  |   0.3/  5.1 (36.9%) |   0.9/ 19.1 (36.3%) |   1.6/ 35.4 (35.9%) |   3.2/ 60.2 (37.0%) |  11.9/ 79.8 (37.6%)
  global    all   10   18.5%/ 23.8%  |   0.3/  3.6 (29.5%) |   0.9/ 12.9 (33.7%) |   1.9/ 24.1 (34.1%) |   4.0/ 41.8 (33.1%) |  11.3/ 61.6 (31.9%)
  lr_const  left   5   26.9%/ 30.6%  |   0.7/  5.0 (43.9%) |   2.0/ 18.8 (44.5%) |   4.5/ 36.0 (46.5%) |   8.5/ 65.0 (46.2%) |  22.4/ 92.4 (45.9%)
  lr_const  right  5   12.6%/ 14.4%  |   0.2/  2.8 (20.2%) |   0.5/ 10.5 (19.7%) |   0.9/ 18.7 (19.5%) |   1.7/ 31.9 (20.2%) |   7.0/ 42.3 (20.4%)
  lr_const  all   10   14.2%/ 29.2%  |   0.5/  3.0 (21.4%) |   1.7/ 11.1 (21.6%) |   3.4/ 20.7 (22.9%) |   7.7/ 37.4 (23.2%) |  16.4/ 53.2 (24.0%)
  imu_vi    left   5    9.6%/ 24.8%  |   0.3/  1.8 (14.6%) |   1.1/  7.2 (14.1%) |   2.3/ 13.7 (13.7%) |   4.6/ 21.6 (13.5%) |  11.0/ 34.7 (13.5%)
  imu_vi    right  5    2.7%/  6.5%  |   0.0/  0.5 ( 4.4%) |   0.1/  1.7 ( 4.3%) |   0.2/  3.2 ( 4.2%) |   0.5/  5.7 ( 4.4%) |   0.9/  8.0 ( 4.4%)
  imu_vi    all   10    4.6%/ 17.0%  |   0.1/  1.0 ( 7.5%) |   0.2/  3.6 ( 8.2%) |   0.4/  6.8 ( 8.4%) |   0.7/ 11.3 ( 8.5%) |   1.3/ 16.1 ( 7.9%)

=== FIT (valB, used for fitting) ===
  method    side   n  scale_err p50/p90 | k1 mm p50/p90 (rel p90) | k4 mm p50/p90 (rel p90) | k8 mm p50/p90 (rel p90) | k16 mm p50/p90 (rel p90) | k32 mm p50/p90 (rel p90)
  global    left   9    9.8%/ 46.4%  |   0.3/  2.4 (15.6%) |   0.9/  8.6 (15.2%) |   1.6/ 15.8 (15.7%) |   4.3/ 24.7 (16.3%) |   9.9/ 33.9 (16.6%)
  global    right  9    9.4%/ 20.1%  |   0.2/  2.8 (15.7%) |   0.6/ 10.3 (15.8%) |   1.0/ 20.1 (14.9%) |   1.5/ 34.1 (14.8%) |   5.7/ 39.4 (16.7%)
  global    all   18    9.6%/ 31.7%  |   0.2/  2.6 (15.6%) |   0.7/  9.4 (15.5%) |   1.4/ 18.0 (15.3%) |   3.0/ 29.4 (15.6%) |   6.5/ 36.7 (16.7%)
  lr_const  left   9    8.2%/ 45.1%  |   0.4/  2.3 (13.7%) |   1.3/  8.4 (13.8%) |   2.7/ 15.7 (12.9%) |   4.5/ 24.3 (13.6%) |  13.6/ 30.1 (14.7%)
  lr_const  right  9    7.0%/ 13.6%  |   0.1/  1.5 ( 9.0%) |   0.3/  5.8 ( 9.0%) |   0.6/ 10.3 ( 8.9%) |   1.3/ 19.7 ( 8.6%) |   3.1/ 27.5 ( 9.1%)
  lr_const  all   18    7.0%/ 21.9%  |   0.2/  1.9 (11.3%) |   0.6/  7.0 (11.8%) |   1.1/ 13.2 (11.4%) |   2.5/ 22.0 (10.9%) |   8.0/ 28.8 (11.6%)
  imu_vi    left   9    2.4%/ 14.0%  |   0.1/  0.6 ( 3.7%) |   0.4/  2.0 ( 4.0%) |   0.6/  3.8 ( 4.0%) |   2.1/  6.6 ( 3.7%) |   4.8/  9.0 ( 3.7%)
  imu_vi    right  9    5.7%/ 19.0%  |   0.2/  1.7 ( 9.1%) |   0.6/  6.5 ( 9.8%) |   1.2/ 12.0 ( 9.4%) |   2.9/ 19.2 ( 9.3%) |   6.8/ 24.1 ( 9.4%)
  imu_vi    all   18    3.9%/ 21.2%  |   0.2/  1.1 ( 6.2%) |   0.5/  4.2 ( 6.5%) |   0.9/  7.4 ( 6.2%) |   2.1/ 11.6 ( 6.5%) |   5.8/ 14.1 ( 7.0%)
